// Jest Snapshot v1, https://goo.gl/fbAQLP

exports[`ChordSpan renders correctly 1`] = `
<div
  className="sc-AxjAm jZrvsK"
>
  <span
    className="sc-AxirZ dYYFxI"
  >
    C
    <sub
      className="sc-AxhCb efxBNo"
    />
    <sup
      className="sc-AxiKw iSXCHE"
    />
  </span>
  Test string
</div>
`;
