// Jest Snapshot v1, https://goo.gl/fbAQLP

exports[`SongRow renders correctly 1`] = `
<li>
  <button
    className="sc-AxjAm PbSEu"
    onClick={[Function]}
  >
    <svg
      fill="currentColor"
      height="1em"
      stroke="currentColor"
      strokeWidth="0"
      style={
        Object {
          "color": undefined,
        }
      }
      viewBox="0 0 16 16"
      width="1em"
      xmlns="http://www.w3.org/2000/svg"
    >
      <path
        clipRule="evenodd"
        d="M4.5 2a.5.5 0 00-.5.5v11.066l4-2.667 4 2.667V8.5a.5.5 0 011 0v6.934l-5-3.333-5 3.333V2.5A1.5 1.5 0 014.5 1h4a.5.5 0 010 1h-4zm9-1a.5.5 0 01.5.5v2a.5.5 0 01-.5.5h-2a.5.5 0 010-1H13V1.5a.5.5 0 01.5-.5z"
        fillRule="evenodd"
      />
      <path
        clipRule="evenodd"
        d="M13 3.5a.5.5 0 01.5-.5h2a.5.5 0 010 1H14v1.5a.5.5 0 01-1 0v-2z"
        fillRule="evenodd"
      />
    </svg>
  </button>
  <a
    className="sc-AxirZ cznIDi"
    href="/test-id"
    theme={
      Object {
        "index": Object {
          "link": "#333",
        },
      }
    }
  >
    Test Song Title
  </a>
</li>
`;
